
> valore-frontend@0.1.0 dev
> next dev

▲ Next.js 16.2.4 (Turbopack)
- Local:         http://localhost:3000
- Network:       http://192.168.1.47:3000
- Environments: .env.local
✓ Ready in 657ms
⚠ Warning: Next.js inferred your workspace root, but it may not be correct.
 We detected multiple lockfiles and selected the directory of C:\Users\pc\package-lock.json as the root directory.
 To silence this warning, set `turbopack.root` in your Next.js config, or consider removing one of the lockfiles if it's not needed.
   See https://nextjs.org/docs/app/api-reference/config/next-config-js/turbopack#root-directory for more information.
 Detected additional lockfiles: 
   * C:\Users\pc\projectw\valore\valore-frontend\package-lock.json

Creating turbopack project {
  dir: 'C:\\Users\\pc\\projectw\\valore\\valore-frontend',
  testMode: true
}

 GET /shop 200 in 1091ms (next.js: 259ms, application-code: 832ms)
 GET /login 200 in 292ms (next.js: 73ms, application-code: 219ms)
 GET /api/auth/session 200 in 1015ms (next.js: 919ms, application-code: 96ms)
 GET /api/auth/session 200 in 1512ms (next.js: 1386ms, application-code: 125ms)
 GET / 200 in 986ms (next.js: 121ms, application-code: 866ms)
 GET /api/auth/session 200 in 72ms (next.js: 39ms, application-code: 32ms)
 GET / 200 in 457ms (next.js: 10ms, application-code: 447ms)
 GET /api/auth/session 200 in 85ms (next.js: 49ms, application-code: 36ms)
 GET /stories 200 in 288ms (next.js: 111ms, application-code: 178ms)
[browser] Detected `scroll-behavior: smooth` on the `<html>` element. To disable smooth scrolling during route transitions, add `data-scroll-behavior="smooth"` to your <html> element. Learn more: https://nextjs.org/docs/messages/missing-data-scroll-behavior
 GET / 200 in 386ms (next.js: 9ms, application-code: 377ms)
 GET /mindset 200 in 232ms (next.js: 138ms, application-code: 93ms)
 GET /admin 200 in 189ms (next.js: 111ms, application-code: 78ms)
