
> valore-frontend@0.1.0 dev
> next dev

▲ Next.js 16.2.4 (Turbopack)
- Local:         http://localhost:3000
- Network:       http://10.72.169.1:3000
- Environments: .env.local
✓ Ready in 12.7s
Creating turbopack project {
  dir: 'C:\\Users\\pc\\projectw\\valore\\valore-frontend',
  testMode: true
}

 GET / 200 in 11.3s (next.js: 4.8s, application-code: 6.6s)
 GET /api/auth/session 200 in 1715ms (next.js: 1599ms, application-code: 116ms)
 GET /shop 200 in 186ms (next.js: 79ms, application-code: 107ms)
 GET / 200 in 147ms (next.js: 13ms, application-code: 135ms)
 GET /api/auth/session 200 in 69ms (next.js: 30ms, application-code: 39ms)
 GET /api/auth/session 200 in 54ms (next.js: 32ms, application-code: 23ms)
 GET / 200 in 486ms (next.js: 11ms, application-code: 475ms)
 GET /api/auth/session 200 in 64ms (next.js: 34ms, application-code: 30ms)
[?25h
